------------------------------------------------------------------------------
      name:  <unnamed>
       log:  C:\Users\091wa\Desktop\log_L2_Jennifer_Warren.log
  log type:  text
 opened on:  28 Jan 2021, 16:18:40

. do "C:\Users\091wa\AppData\Local\Temp\STD14ec_000000.tmp"

. clear

. 
end of do-file

. do "C:\Users\091wa\AppData\Local\Temp\STD14ec_000000.tmp"

. clear

. 
end of do-file

. do "C:\Users\091wa\AppData\Local\Temp\STD14ec_000000.tmp"

. clear

. 
end of do-file

. do "C:\Users\091wa\AppData\Local\Temp\STD14ec_000000.tmp"

. cd C:\Users\091wa\Desktop\log_L2_Jennifer_Warren.log
unable to change to C:\Users\091wa\Desktop\log_L2_Jennifer_Warren.log
r(170);

end of do-file

r(170);

. do "C:\Users\091wa\AppData\Local\Temp\STD14ec_000000.tmp"

. log using log_L2_Jennifer_Warren.log
log file already open
r(604);

end of do-file

r(604);

. *(4 variables, 30 observations pasted into data editor)

. do "C:\Users\091wa\AppData\Local\Temp\STD14ec_000000.tmp"

. clear

. 
end of do-file

. import delimited "C:\Users\091wa\Downloads\Salary_Lab2.csv", delimiter(comma
> ) encoding(ISO-8859-9) 
(4 vars, 30 obs)

. browse

. browse

. do "C:\Users\091wa\AppData\Local\Temp\STD14ec_000000.tmp"

. save filename
file filename.dta saved

. 
end of do-file

. do "C:\Users\091wa\AppData\Local\Temp\STD14ec_000000.tmp"

. save Salary, replace
(note: file Salary.dta not found)
file Salary.dta saved

. 
end of do-file

. do "C:\Users\091wa\AppData\Local\Temp\STD14ec_000000.tmp"

. drop major

. 
end of do-file

. do "C:\Users\091wa\AppData\Local\Temp\STD14ec_000000.tmp"

. keep gpa salary

. 
end of do-file

. do "C:\Users\091wa\AppData\Local\Temp\STD14ec_000000.tmp"

. rename gpa grade

. 
end of do-file

. do "C:\Users\091wa\AppData\Local\Temp\STD14ec_000000.tmp"

. label variable salary "salary after 5 yrs exp"

. 
end of do-file

. do "C:\Users\091wa\AppData\Local\Temp\STD14ec_000000.tmp"

. replace grade = 85 if grade>3
(10 real changes made)

. 
end of do-file

. do "C:\Users\091wa\AppData\Local\Temp\STD14ec_000000.tmp"

. sysuse auto
no; dataset in memory has changed since last saved
r(4);

end of do-file

r(4);

. do "C:\Users\091wa\AppData\Local\Temp\STD14ec_000000.tmp"

. clear

. 
end of do-file

. do "C:\Users\091wa\AppData\Local\Temp\STD14ec_000000.tmp"

. sysuse auto
(1978 Automobile Data)

. 
end of do-file

. do "C:\Users\091wa\AppData\Local\Temp\STD14ec_000000.tmp"

. tabulate foreign

   Car type |      Freq.     Percent        Cum.
------------+-----------------------------------
   Domestic |         52       70.27       70.27
    Foreign |         22       29.73      100.00
------------+-----------------------------------
      Total |         74      100.00

. 
end of do-file

. do "C:\Users\091wa\AppData\Local\Temp\STD14ec_000000.tmp"

. tabulate trunk foreign

     Trunk |
space (cu. |       Car type
      ft.) |  Domestic    Foreign |     Total
-----------+----------------------+----------
         5 |         0          1 |         1 
         6 |         0          1 |         1 
         7 |         3          0 |         3 
         8 |         2          3 |         5 
         9 |         3          1 |         4 
        10 |         3          2 |         5 
        11 |         4          4 |         8 
        12 |         1          2 |         3 
        13 |         4          0 |         4 
        14 |         1          3 |         4 
        15 |         2          3 |         5 
        16 |        10          2 |        12 
        17 |         8          0 |         8 
        18 |         1          0 |         1 
        20 |         6          0 |         6 
        21 |         2          0 |         2 
        22 |         1          0 |         1 
        23 |         1          0 |         1 
-----------+----------------------+----------
     Total |        52         22 |        74 

. 
end of do-file

. do "C:\Users\091wa\AppData\Local\Temp\STD14ec_000000.tmp"

. scatter mpg price

. 
end of do-file

. do "C:\Users\091wa\AppData\Local\Temp\STD14ec_000000.tmp"

. histogram mpg, freq
(bin=8, start=12, width=3.625)

. 
end of do-file

. do "C:\Users\091wa\AppData\Local\Temp\STD14ec_000000.tmp"

. summarize

    Variable |        Obs        Mean    Std. Dev.       Min        Max
-------------+---------------------------------------------------------
        make |          0
       price |         74    6165.257    2949.496       3291      15906
         mpg |         74     21.2973    5.785503         12         41
       rep78 |         69    3.405797    .9899323          1          5
    headroom |         74    2.993243    .8459948        1.5          5
-------------+---------------------------------------------------------
       trunk |         74    13.75676    4.277404          5         23
      weight |         74    3019.459    777.1936       1760       4840
      length |         74    187.9324    22.26634        142        233
        turn |         74    39.64865    4.399354         31         51
displacement |         74    197.2973    91.83722         79        425
-------------+---------------------------------------------------------
  gear_ratio |         74    3.014865    .4562871       2.19       3.89
     foreign |         74    .2972973    .4601885          0          1

. 
end of do-file

. do "C:\Users\091wa\AppData\Local\Temp\STD14ec_000000.tmp"

. summarize mpg price

    Variable |        Obs        Mean    Std. Dev.       Min        Max
-------------+---------------------------------------------------------
         mpg |         74     21.2973    5.785503         12         41
       price |         74    6165.257    2949.496       3291      15906

. 
end of do-file

. do "C:\Users\091wa\AppData\Local\Temp\STD14ec_000000.tmp"

. clear

. 
end of do-file

. import delimited "C:\Users\091wa\Downloads\Salary_Lab2.csv", delimiter(comma
> ) encoding(ISO-8859-9) 
(4 vars, 30 obs)

. do "C:\Users\091wa\AppData\Local\Temp\STD14ec_000000.tmp"

. tabulate salary age

           |                     Age
    Salary |        21         22         23         24 |     Total
-----------+--------------------------------------------+----------
        31 |         1          0          0          0 |         1 
        34 |         0          1          0          0 |         1 
        35 |         0          0          1          0 |         1 
        36 |         0          0          0          1 |         1 
        39 |         0          0          0          1 |         1 
        43 |         1          0          0          0 |         1 
        44 |         0          3          0          0 |         3 
        46 |         0          1          0          0 |         1 
        47 |         1          0          0          1 |         2 
        48 |         0          2          0          0 |         2 
        50 |         0          1          1          0 |         2 
        51 |         0          0          0          1 |         1 
        52 |         1          1          0          0 |         2 
        53 |         0          0          1          0 |         1 
        54 |         0          0          1          0 |         1 
        56 |         0          0          0          1 |         1 
        60 |         0          0          0          2 |         2 
        80 |         0          0          1          0 |         1 
        84 |         0          1          0          0 |         1 
        88 |         0          0          1          0 |         1 
        89 |         0          0          1          0 |         1 
        90 |         1          0          0          1 |         2 
-----------+--------------------------------------------+----------
     Total |         5         10          7          8 |        30 

. 
end of do-file

. do "C:\Users\091wa\AppData\Local\Temp\STD14ec_000000.tmp"

. scatter gpa salary

. 
end of do-file

. graph export "C:\Users\091wa\Documents\4th year\EconS 311 Econometrics\Labs\
> Lab_2_Scatter_Plot_JW.jpg", as(jpg) name("Graph") quality(90)
(file C:\Users\091wa\Documents\4th year\EconS 311 Econometrics\Labs\Lab_2_Scat
> ter_Plot_JW.jpg written in JPEG format)

. do "C:\Users\091wa\AppData\Local\Temp\STD14ec_000000.tmp"

. histogram age
(bin=5, start=21, width=.6)

. 
end of do-file

. graph export "C:\Users\091wa\Documents\4th year\EconS 311 Econometrics\Labs\
> Lab_2_Histogram_JW.jpg", as(jpg) name("Graph") quality(90)
(file C:\Users\091wa\Documents\4th year\EconS 311 Econometrics\Labs\Lab_2_Hist
> ogram_JW.jpg written in JPEG format)

. do "C:\Users\091wa\AppData\Local\Temp\STD14ec_000000.tmp"

. tabulate age

        Age |      Freq.     Percent        Cum.
------------+-----------------------------------
         21 |          5       16.67       16.67
         22 |         10       33.33       50.00
         23 |          7       23.33       73.33
         24 |          8       26.67      100.00
------------+-----------------------------------
      Total |         30      100.00

. 
end of do-file

. log close
      name:  <unnamed>
       log:  C:\Users\091wa\Desktop\log_L2_Jennifer_Warren.log
  log type:  text
 closed on:  29 Jan 2021, 08:52:42
------------------------------------------------------------------------------
